2026-09-03 21:23:22,476 | INFO | attendance | Application started.
2026-09-03 21:29:43,958 | INFO | attendance | Application started.
2026-09-03 21:50:46,485 | INFO | attendance | Application started.
2026-09-03 22:09:25,093 | INFO | attendance | Application started.
2026-09-03 22:24:39,863 | INFO | attendance | Application started.
2026-09-04 18:51:42,593 | INFO | attendance | Application started.
2026-09-04 18:58:14,462 | INFO | attendance | Application started.
2026-09-04 19:05:23,546 | INFO | attendance | Application started successfully.
2026-09-04 19:05:23,547 | INFO | attendance | Server running at http://0.0.0.0:8000
2026-09-04 19:08:48,506 | INFO | attendance | Application started successfully.
2026-09-04 19:08:48,506 | INFO | attendance | Server running at http://0.0.0.0:8000
2026-09-04 19:13:58,146 | INFO | attendance | Application started successfully.
2026-09-04 19:13:58,147 | INFO | attendance | Server running at http://0.0.0.0:8000
2026-09-04 19:13:58,187 | INFO | attendance | Startup: starting active cameras...
2026-09-04 19:13:58,190 | INFO | attendance | CameraService: started 0 cameras
2026-09-04 19:20:37,235 | INFO | attendance | Shutdown: stopping all cameras...
2026-09-04 19:20:37,236 | INFO | attendance | CameraService: stopped all cameras
2026-09-04 19:20:39,652 | INFO | attendance | Application started successfully.
2026-09-04 19:20:39,652 | INFO | attendance | Server running at http://0.0.0.0:8000
2026-09-04 19:20:39,687 | INFO | attendance | Startup: starting active cameras...
2026-09-04 19:20:39,690 | INFO | attendance | Camera loop started for '1'
2026-09-04 19:20:39,742 | INFO | attendance | CameraService: started 1 cameras
2026-09-04 19:20:39,787 | INFO | attendance | Camera '1' (id=1): connecting to 0
2026-09-04 19:20:40,720 | INFO | attendance | Camera '1': connected successfully
2026-09-04 19:21:55,185 | INFO | attendance | Shutdown: stopping all cameras...
2026-09-04 19:21:55,665 | INFO | attendance | Camera '1': disconnected
2026-09-04 19:21:55,665 | INFO | attendance | CameraService: stopped all cameras
2026-09-04 19:21:55,666 | INFO | attendance | Camera '1': disconnected
2026-09-04 19:21:55,667 | INFO | attendance | Camera loop stopped for '1'
2026-09-04 19:29:08,375 | INFO | attendance | Application started successfully.
2026-09-04 19:29:08,375 | INFO | attendance | Server running at http://0.0.0.0:8000
2026-09-04 19:29:08,408 | INFO | attendance | Startup: starting active cameras...
2026-09-04 19:29:08,411 | INFO | attendance | Camera loop started for '1'
2026-09-04 19:29:08,462 | INFO | attendance | CameraService: started 1 cameras
2026-09-04 19:29:08,507 | INFO | attendance | Camera '1' (id=1): connecting to 0
2026-09-04 19:29:09,275 | INFO | attendance | Camera '1': connected successfully
2026-09-04 19:32:21,102 | INFO | attendance | Shutdown: stopping all cameras...
2026-09-04 19:32:21,568 | INFO | attendance | Camera '1': disconnected
2026-09-04 19:32:21,568 | INFO | attendance | CameraService: stopped all cameras
2026-09-04 19:32:21,568 | INFO | attendance | Camera '1': disconnected
2026-09-04 19:32:21,569 | INFO | attendance | Camera loop stopped for '1'
2026-09-04 23:14:44,484 | WARNING | attendance | OpenCV DNN failed: module 'cv2.dnn' has no attribute 'readNetFromCaffe'
2026-09-04 23:14:44,486 | WARNING | attendance | FaceDetector: using skin-color detection fallback (less accurate, no model required)
2026-09-04 23:14:44,486 | INFO | attendance | FaceDetector initialized with skin-color detection
2026-09-04 23:14:44,486 | WARNING | attendance | FaceEngine: cv2.face not available, falling back to simple distance mode
2026-09-04 23:14:44,489 | INFO | attendance | Application started successfully.
2026-09-04 23:14:44,490 | INFO | attendance | Face engine mode: simple
2026-09-04 23:14:44,750 | INFO | attendance | Startup: starting active cameras...
2026-09-04 23:14:44,762 | INFO | attendance | Camera loop started for '1'
2026-09-04 23:14:44,814 | INFO | attendance | CameraService: started 1 cameras
2026-09-04 23:14:44,815 | INFO | attendance | Startup: building face gallery...
2026-09-04 23:14:44,816 | INFO | attendance | EmployeeService: rebuilding face gallery...
2026-09-04 23:14:44,816 | INFO | attendance | FaceGallery: loaded 0 employees with faces
2026-09-04 23:14:44,817 | INFO | attendance | FaceEngine: gallery is empty, nothing to train
2026-09-04 23:14:44,817 | INFO | attendance | EmployeeService: gallery rebuild complete
2026-09-04 23:14:44,859 | INFO | attendance | Camera '1' (id=1): connecting to 0
2026-09-04 23:14:46,205 | INFO | attendance | Camera '1': connected successfully
2026-09-04 23:16:22,587 | INFO | attendance | Shutdown: stopping all cameras...
2026-09-04 23:16:23,070 | INFO | attendance | Camera '1': disconnected
2026-09-04 23:16:23,071 | INFO | attendance | CameraService: stopped all cameras
2026-09-04 23:16:23,071 | INFO | attendance | Camera '1': disconnected
2026-09-04 23:16:23,073 | INFO | attendance | Camera loop stopped for '1'
2026-09-05 00:04:04,713 | WARNING | attendance | OpenCV DNN failed: module 'cv2.dnn' has no attribute 'readNetFromCaffe'
2026-09-05 00:04:04,714 | WARNING | attendance | FaceDetector: using skin-color detection fallback (less accurate, no model required)
2026-09-05 00:04:04,714 | INFO | attendance | FaceDetector initialized with skin-color detection
2026-09-05 00:04:04,715 | WARNING | attendance | FaceEngine: cv2.face not available, falling back to simple distance mode
2026-09-05 00:04:04,718 | INFO | attendance | Application started successfully.
2026-09-05 00:04:04,718 | INFO | attendance | Face engine mode: simple
2026-09-05 00:04:05,052 | INFO | attendance | Startup: starting active cameras...
2026-09-05 00:04:05,082 | INFO | attendance | Camera loop started for '1'
2026-09-05 00:04:05,199 | INFO | attendance | CameraService: started 1 cameras
2026-09-05 00:04:05,200 | INFO | attendance | Startup: building face gallery...
2026-09-05 00:04:05,200 | INFO | attendance | EmployeeService: rebuilding face gallery...
2026-09-05 00:04:05,201 | INFO | attendance | FaceGallery: loaded 0 employees with faces
2026-09-05 00:04:05,201 | INFO | attendance | FaceEngine: gallery is empty, nothing to train
2026-09-05 00:04:05,201 | INFO | attendance | EmployeeService: gallery rebuild complete
2026-09-05 00:04:05,284 | INFO | attendance | Camera '1' (id=1): connecting to 0
2026-09-05 00:04:06,425 | INFO | attendance | Camera '1': connected successfully
2026-09-05 00:08:14,855 | INFO | attendance | Shutdown: stopping all cameras...
2026-09-05 00:08:15,317 | INFO | attendance | Camera '1': disconnected
2026-09-05 00:08:15,317 | INFO | attendance | CameraService: stopped all cameras
2026-09-05 00:08:15,317 | INFO | attendance | Camera '1': disconnected
2026-09-05 00:08:15,319 | INFO | attendance | Camera loop stopped for '1'
2026-09-05 00:08:19,605 | WARNING | attendance | OpenCV DNN failed: module 'cv2.dnn' has no attribute 'readNetFromCaffe'
2026-09-05 00:08:19,606 | WARNING | attendance | FaceDetector: using skin-color detection fallback (less accurate, no model required)
2026-09-05 00:08:19,607 | INFO | attendance | FaceDetector initialized with skin-color detection
2026-09-05 00:08:19,608 | WARNING | attendance | FaceEngine: cv2.face not available, falling back to simple distance mode
2026-09-05 00:08:19,614 | INFO | attendance | Application started successfully.
2026-09-05 00:08:19,614 | INFO | attendance | Face engine mode: simple
2026-09-05 00:08:19,614 | INFO | attendance | Face detector: skin
2026-09-05 00:08:19,679 | INFO | attendance | Startup: starting active cameras...
2026-09-05 00:08:19,683 | INFO | attendance | Camera loop started for '1'
2026-09-05 00:08:19,789 | INFO | attendance | CameraService: started 1 cameras
2026-09-05 00:08:19,789 | INFO | attendance | Startup: building face gallery...
2026-09-05 00:08:19,789 | INFO | attendance | EmployeeService: rebuilding face gallery...
2026-09-05 00:08:19,789 | INFO | attendance | FaceGallery: loaded 0 employees with faces
2026-09-05 00:08:19,790 | INFO | attendance | FaceEngine: gallery is empty, nothing to train
2026-09-05 00:08:19,790 | INFO | attendance | EmployeeService: gallery rebuild complete
2026-09-05 00:08:19,867 | INFO | attendance | Camera '1' (id=1): connecting to 0
2026-09-05 00:08:20,835 | INFO | attendance | Camera '1': connected successfully
2026-09-05 00:10:16,102 | INFO | attendance | Shutdown: stopping all cameras...
2026-09-05 00:10:16,564 | INFO | attendance | Camera '1': disconnected
2026-09-05 00:10:16,564 | INFO | attendance | CameraService: stopped all cameras
2026-09-05 00:10:16,564 | INFO | attendance | Camera '1': disconnected
2026-09-05 00:10:16,565 | INFO | attendance | Camera loop stopped for '1'
2026-09-05 00:10:29,309 | INFO | attendance | FaceDetector initialized with ONNX Runtime (UltraFace) (model: ultraface-RFB-320.onnx, input: [1, 3, 240, 320])
2026-09-05 00:10:29,310 | WARNING | attendance | FaceEngine: cv2.face not available, falling back to simple distance mode
2026-09-05 00:10:29,311 | INFO | attendance | Application started successfully.
2026-09-05 00:10:29,312 | INFO | attendance | Face engine mode: simple
2026-09-05 00:10:29,312 | INFO | attendance | Face detector: ultraface
2026-09-05 00:10:29,367 | INFO | attendance | Startup: starting active cameras...
2026-09-05 00:10:29,371 | INFO | attendance | Camera loop started for '1'
2026-09-05 00:10:29,467 | INFO | attendance | CameraService: started 1 cameras
2026-09-05 00:10:29,467 | INFO | attendance | Startup: building face gallery...
2026-09-05 00:10:29,468 | INFO | attendance | EmployeeService: rebuilding face gallery...
2026-09-05 00:10:29,468 | INFO | attendance | FaceGallery: loaded 0 employees with faces
2026-09-05 00:10:29,469 | INFO | attendance | FaceEngine: gallery is empty, nothing to train
2026-09-05 00:10:29,469 | INFO | attendance | EmployeeService: gallery rebuild complete
2026-09-05 00:10:29,554 | INFO | attendance | Camera '1' (id=1): connecting to 0
2026-09-05 00:10:30,365 | INFO | attendance | Camera '1': connected successfully
2026-09-05 00:12:55,490 | INFO | attendance | Shutdown: stopping all cameras...
2026-09-05 00:12:55,962 | INFO | attendance | Camera '1': disconnected
2026-09-05 00:12:55,962 | INFO | attendance | CameraService: stopped all cameras
2026-09-05 00:12:55,962 | INFO | attendance | Camera '1': disconnected
2026-09-05 00:12:55,963 | INFO | attendance | Camera loop stopped for '1'
2026-09-05 00:13:00,240 | INFO | attendance | FaceDetector initialized with ONNX Runtime (UltraFace) (model: ultraface-RFB-320.onnx, input: 320x240)
2026-09-05 00:13:00,241 | WARNING | attendance | FaceEngine: cv2.face not available, falling back to simple distance mode
2026-09-05 00:13:00,243 | INFO | attendance | Application started successfully.
2026-09-05 00:13:00,243 | INFO | attendance | Face engine mode: simple
2026-09-05 00:13:00,243 | INFO | attendance | Face detector: ultraface
2026-09-05 00:13:00,302 | INFO | attendance | Startup: starting active cameras...
2026-09-05 00:13:00,307 | INFO | attendance | Camera loop started for '1'
2026-09-05 00:13:00,358 | INFO | attendance | CameraService: started 1 cameras
2026-09-05 00:13:00,358 | INFO | attendance | Startup: building face gallery...
2026-09-05 00:13:00,358 | INFO | attendance | EmployeeService: rebuilding face gallery...
2026-09-05 00:13:00,359 | INFO | attendance | FaceGallery: loaded 0 employees with faces
2026-09-05 00:13:00,359 | INFO | attendance | FaceEngine: gallery is empty, nothing to train
2026-09-05 00:13:00,359 | INFO | attendance | EmployeeService: gallery rebuild complete
2026-09-05 00:13:00,403 | INFO | attendance | Camera '1' (id=1): connecting to 0
2026-09-05 00:13:01,161 | INFO | attendance | Camera '1': connected successfully
2026-09-05 00:15:26,409 | INFO | attendance | Shutdown: stopping all cameras...
2026-09-05 00:15:26,882 | INFO | attendance | Camera '1': disconnected
2026-09-05 00:15:26,883 | INFO | attendance | CameraService: stopped all cameras
2026-09-05 00:15:26,883 | INFO | attendance | Camera '1': disconnected
2026-09-05 00:15:26,884 | INFO | attendance | Camera loop stopped for '1'
2026-09-05 00:17:53,199 | INFO | attendance | FaceDetector initialized with ONNX Runtime (UltraFace) (model: ultraface-RFB-320.onnx, input: 320x240)
2026-09-05 00:17:53,200 | WARNING | attendance | FaceEngine: cv2.face not available, falling back to simple distance mode
2026-09-05 00:17:53,203 | INFO | attendance | Application started successfully.
2026-09-05 00:17:53,203 | INFO | attendance | Face engine mode: simple
2026-09-05 00:17:53,203 | INFO | attendance | Face detector: ultraface
2026-09-05 00:17:53,273 | INFO | attendance | Startup: starting active cameras...
2026-09-05 00:17:53,278 | INFO | attendance | Camera loop started for '1'
2026-09-05 00:17:53,453 | INFO | attendance | Camera '1' (id=1): connecting to 0
2026-09-05 00:17:53,534 | INFO | attendance | CameraService: started 1 cameras
2026-09-05 00:17:53,534 | INFO | attendance | Startup: building face gallery...
2026-09-05 00:17:53,534 | INFO | attendance | EmployeeService: rebuilding face gallery...
2026-09-05 00:17:53,535 | INFO | attendance | FaceGallery: loaded 0 employees with faces
2026-09-05 00:17:53,535 | INFO | attendance | FaceEngine: gallery is empty, nothing to train
2026-09-05 00:17:53,536 | INFO | attendance | EmployeeService: gallery rebuild complete
2026-09-05 00:17:54,308 | INFO | attendance | Camera '1': connected successfully
2026-09-05 00:23:20,710 | INFO | attendance | Shutdown: stopping all cameras...
2026-09-05 00:23:21,183 | INFO | attendance | Camera '1': disconnected
2026-09-05 00:23:21,183 | INFO | attendance | CameraService: stopped all cameras
2026-09-05 00:23:21,183 | INFO | attendance | Camera '1': disconnected
2026-09-05 00:23:21,184 | INFO | attendance | Camera loop stopped for '1'
2026-09-05 00:24:04,619 | INFO | attendance | FaceDetector initialized with ONNX Runtime (UltraFace) (model: ultraface-RFB-320.onnx, input: 320x240)
2026-09-05 00:24:04,620 | WARNING | attendance | FaceEngine: cv2.face not available, falling back to simple distance mode
2026-09-05 00:24:04,621 | INFO | attendance | AttendanceService initialized
2026-09-05 00:24:04,621 | INFO | attendance | CameraService: processor service attached
2026-09-05 00:24:04,623 | INFO | attendance | Application started successfully.
2026-09-05 00:24:04,624 | INFO | attendance | Face engine mode: simple
2026-09-05 00:24:04,624 | INFO | attendance | Face detector: ultraface
2026-09-05 00:24:04,708 | INFO | attendance | Startup: starting active cameras...
2026-09-05 00:24:04,713 | INFO | attendance | Camera loop started for '1' (area_id=1)
2026-09-05 00:24:04,824 | INFO | attendance | CameraService: started 1 cameras
2026-09-05 00:24:04,824 | INFO | attendance | Startup: building face gallery...
2026-09-05 00:24:04,824 | INFO | attendance | EmployeeService: rebuilding face gallery...
2026-09-05 00:24:04,825 | INFO | attendance | FaceGallery: loaded 0 employees with faces
2026-09-05 00:24:04,825 | INFO | attendance | FaceEngine: gallery is empty, nothing to train
2026-09-05 00:24:04,825 | INFO | attendance | EmployeeService: gallery rebuild complete
2026-09-05 00:24:04,825 | INFO | attendance | Startup: ready!
2026-09-05 00:24:04,896 | INFO | attendance | Camera '1' (id=1): connecting to 0
2026-09-05 00:24:05,689 | INFO | attendance | Camera '1': connected successfully
2026-09-05 00:24:12,720 | INFO | attendance | New session created: id=1, type=unknown, emp_id=-, camera=1
2026-09-05 00:24:13,418 | INFO | attendance | New session created: id=2, type=unknown, emp_id=-, camera=1
2026-09-05 00:24:28,763 | INFO | attendance | New session created: id=3, type=unknown, emp_id=-, camera=1
2026-09-05 00:24:29,275 | INFO | attendance | New session created: id=4, type=unknown, emp_id=-, camera=1
2026-09-05 00:25:27,324 | INFO | attendance | Shutdown: stopping all cameras...
2026-09-05 00:25:27,789 | INFO | attendance | Camera '1': disconnected
2026-09-05 00:25:27,789 | INFO | attendance | CameraService: stopped all cameras
2026-09-05 00:25:27,789 | INFO | attendance | Camera '1': disconnected
2026-09-05 00:25:27,789 | INFO | attendance | Shutdown: closing active sessions...
2026-09-05 00:25:27,790 | INFO | attendance | Camera loop stopped for '1'
2026-09-05 00:25:27,885 | INFO | attendance | Closed 4 active sessions on shutdown
2026-09-05 00:25:27,886 | INFO | attendance | Shutdown complete. Closed 4 sessions.
2026-09-05 00:26:08,654 | INFO | attendance | FaceDetector initialized with ONNX Runtime (UltraFace) (model: ultraface-RFB-320.onnx, input: 320x240)
2026-09-05 00:26:08,654 | WARNING | attendance | FaceEngine: cv2.face not available, falling back to simple distance mode
2026-09-05 00:26:08,655 | INFO | attendance | AttendanceService initialized
2026-09-05 00:26:08,655 | INFO | attendance | CameraService: processor service attached
2026-09-05 00:26:08,657 | INFO | attendance | Application started successfully.
2026-09-05 00:26:08,657 | INFO | attendance | Face engine mode: simple
2026-09-05 00:26:08,657 | INFO | attendance | Face detector: ultraface
2026-09-05 00:26:08,739 | INFO | attendance | Startup: starting active cameras...
2026-09-05 00:26:08,742 | INFO | attendance | Camera loop started for '1' (area_id=1)
2026-09-05 00:26:08,925 | INFO | attendance | CameraService: started 1 cameras
2026-09-05 00:26:08,926 | INFO | attendance | Startup: building face gallery...
2026-09-05 00:26:08,926 | INFO | attendance | EmployeeService: rebuilding face gallery...
2026-09-05 00:26:08,926 | INFO | attendance | FaceGallery: loaded 0 employees with faces
2026-09-05 00:26:08,926 | INFO | attendance | FaceEngine: gallery is empty, nothing to train
2026-09-05 00:26:08,927 | INFO | attendance | EmployeeService: gallery rebuild complete
2026-09-05 00:26:08,927 | INFO | attendance | Startup: ready!
2026-09-05 00:26:09,009 | INFO | attendance | Camera '1' (id=1): connecting to 0
2026-09-05 00:26:09,734 | INFO | attendance | Camera '1': connected successfully
2026-09-05 00:26:10,610 | INFO | attendance | New session created: id=5, type=unknown, emp_id=-, camera=1
2026-09-05 00:26:13,542 | INFO | attendance | New session created: id=6, type=unknown, emp_id=-, camera=1
2026-09-05 00:26:16,823 | INFO | attendance | Saved face for employee 1: E:\face_l\data\images\employees\1\face_1788555376785.jpg
2026-09-05 00:26:16,967 | INFO | attendance | FaceEngine: gallery marked for rebuild
2026-09-05 00:26:16,967 | INFO | attendance | EmployeeService: added face 1 to employee 1
2026-09-05 00:26:22,867 | INFO | attendance | Saved face for employee 1: E:\face_l\data\images\employees\1\face_1788555382865.jpg
2026-09-05 00:26:23,000 | INFO | attendance | FaceEngine: gallery marked for rebuild
2026-09-05 00:26:23,002 | INFO | attendance | EmployeeService: added face 2 to employee 1
2026-09-05 00:26:28,383 | INFO | attendance | Saved face for employee 1: E:\face_l\data\images\employees\1\face_1788555388382.jpg
2026-09-05 00:26:28,521 | INFO | attendance | FaceEngine: gallery marked for rebuild
2026-09-05 00:26:28,522 | INFO | attendance | EmployeeService: added face 3 to employee 1
2026-09-05 00:26:37,308 | INFO | attendance | Shutdown: stopping all cameras...
2026-09-05 00:26:37,762 | INFO | attendance | Camera '1': disconnected
2026-09-05 00:26:37,762 | INFO | attendance | CameraService: stopped all cameras
2026-09-05 00:26:37,763 | INFO | attendance | Camera '1': disconnected
2026-09-05 00:26:37,763 | INFO | attendance | Shutdown: closing active sessions...
2026-09-05 00:26:37,763 | INFO | attendance | Camera loop stopped for '1'
2026-09-05 00:26:37,853 | INFO | attendance | Closed 2 active sessions on shutdown
2026-09-05 00:26:37,853 | INFO | attendance | Shutdown complete. Closed 2 sessions.
2026-09-05 00:26:45,962 | INFO | attendance | FaceDetector initialized with ONNX Runtime (UltraFace) (model: ultraface-RFB-320.onnx, input: 320x240)
2026-09-05 00:26:45,963 | WARNING | attendance | FaceEngine: cv2.face not available, falling back to simple distance mode
2026-09-05 00:26:45,964 | INFO | attendance | AttendanceService initialized
2026-09-05 00:26:45,964 | INFO | attendance | CameraService: processor service attached
2026-09-05 00:26:45,966 | INFO | attendance | Application started successfully.
2026-09-05 00:26:45,966 | INFO | attendance | Face engine mode: simple
2026-09-05 00:26:45,967 | INFO | attendance | Face detector: ultraface
2026-09-05 00:26:46,027 | INFO | attendance | Startup: starting active cameras...
2026-09-05 00:26:46,030 | INFO | attendance | Camera loop started for '1' (area_id=1)
2026-09-05 00:26:46,135 | INFO | attendance | CameraService: started 1 cameras
2026-09-05 00:26:46,135 | INFO | attendance | Startup: building face gallery...
2026-09-05 00:26:46,135 | INFO | attendance | EmployeeService: rebuilding face gallery...
2026-09-05 00:26:46,170 | INFO | attendance | FaceGallery: loaded 1 employees with faces
2026-09-05 00:26:46,174 | INFO | attendance | EmployeeService: gallery rebuild complete
2026-09-05 00:26:46,174 | INFO | attendance | Startup: ready!
2026-09-05 00:26:46,211 | INFO | attendance | Camera '1' (id=1): connecting to 0
2026-09-05 00:26:46,956 | INFO | attendance | Camera '1': connected successfully
2026-09-05 00:26:56,001 | INFO | attendance | New session created: id=7, type=employee, emp_id=1, camera=1
2026-09-05 00:26:56,522 | INFO | attendance | New session created: id=8, type=unknown, emp_id=-, camera=1
2026-09-05 00:26:59,276 | INFO | attendance | New session created: id=9, type=unknown, emp_id=-, camera=1
2026-09-05 00:27:00,943 | INFO | attendance | New session created: id=10, type=unknown, emp_id=-, camera=1
2026-09-05 00:27:05,099 | INFO | attendance | New session created: id=11, type=unknown, emp_id=-, camera=1
2026-09-05 00:27:09,243 | INFO | attendance | New session created: id=12, type=unknown, emp_id=-, camera=1
2026-09-05 00:27:11,344 | INFO | attendance | New session created: id=13, type=unknown, emp_id=-, camera=1
2026-09-05 00:27:29,478 | INFO | attendance | New session created: id=14, type=unknown, emp_id=-, camera=1
2026-09-05 00:27:38,467 | INFO | attendance | New session created: id=15, type=unknown, emp_id=-, camera=1
2026-09-05 00:27:38,967 | INFO | attendance | New session created: id=16, type=unknown, emp_id=-, camera=1
2026-09-05 00:27:39,544 | INFO | attendance | New session created: id=17, type=unknown, emp_id=-, camera=1
2026-09-05 00:27:46,711 | INFO | attendance | New session created: id=18, type=unknown, emp_id=-, camera=1
2026-09-05 00:27:47,200 | INFO | attendance | New session created: id=19, type=unknown, emp_id=-, camera=1
2026-09-05 00:27:47,711 | INFO | attendance | New session created: id=20, type=unknown, emp_id=-, camera=1
2026-09-05 00:27:48,256 | INFO | attendance | New session created: id=21, type=unknown, emp_id=-, camera=1
2026-09-05 00:27:48,401 | INFO | attendance | New session created: id=22, type=unknown, emp_id=-, camera=1
2026-09-05 00:28:01,301 | INFO | attendance | New session created: id=23, type=unknown, emp_id=-, camera=1
2026-09-05 00:28:01,846 | INFO | attendance | New session created: id=24, type=unknown, emp_id=-, camera=1
2026-09-05 00:28:07,334 | INFO | attendance | New session created: id=25, type=unknown, emp_id=-, camera=1
2026-09-05 00:28:09,312 | INFO | attendance | New session created: id=26, type=unknown, emp_id=-, camera=1
2026-09-05 00:28:34,579 | INFO | attendance | New session created: id=27, type=unknown, emp_id=-, camera=1
2026-09-05 00:28:45,012 | INFO | attendance | New session created: id=28, type=unknown, emp_id=-, camera=1
2026-09-05 00:29:35,770 | INFO | attendance | New session created: id=29, type=unknown, emp_id=-, camera=1
2026-09-05 00:29:41,436 | INFO | attendance | New session created: id=30, type=unknown, emp_id=-, camera=1
2026-09-05 00:29:59,527 | INFO | attendance | Session closed: id=9, type=unknown, duration=180s
2026-09-05 00:30:40,816 | INFO | attendance | Session closed: id=8, type=unknown, duration=224s
2026-09-05 00:30:40,816 | INFO | attendance | Session closed: id=12, type=unknown, duration=211s
2026-09-05 00:30:40,816 | INFO | attendance | Session closed: id=13, type=unknown, duration=209s
2026-09-05 00:30:40,816 | INFO | attendance | Session closed: id=14, type=unknown, duration=191s
2026-09-05 00:30:40,816 | INFO | attendance | Session closed: id=16, type=unknown, duration=181s
2026-09-05 00:30:40,817 | INFO | attendance | Session closed: id=17, type=unknown, duration=181s
2026-09-05 00:31:07,639 | INFO | attendance | Session closed: id=10, type=unknown, duration=246s
2026-09-05 00:31:07,640 | INFO | attendance | Session closed: id=11, type=unknown, duration=242s
2026-09-05 00:31:07,640 | INFO | attendance | Session closed: id=18, type=unknown, duration=200s
2026-09-05 00:31:07,640 | INFO | attendance | Session closed: id=19, type=unknown, duration=200s
2026-09-05 00:31:07,640 | INFO | attendance | Session closed: id=21, type=unknown, duration=199s
2026-09-05 00:31:07,641 | INFO | attendance | Session closed: id=23, type=unknown, duration=186s
2026-09-05 00:31:07,641 | INFO | attendance | Session closed: id=24, type=unknown, duration=185s
2026-09-05 00:31:07,641 | INFO | attendance | Session closed: id=25, type=unknown, duration=180s
2026-09-05 00:31:10,905 | INFO | attendance | New session created: id=31, type=unknown, emp_id=-, camera=1
2026-09-05 00:31:11,983 | INFO | attendance | New session created: id=32, type=unknown, emp_id=-, camera=1
2026-09-05 00:31:34,739 | INFO | attendance | Session closed: id=27, type=unknown, duration=180s
2026-09-05 00:31:57,498 | INFO | attendance | Session closed: id=28, type=unknown, duration=192s
2026-09-05 00:32:49,691 | INFO | attendance | Session closed: id=15, type=unknown, duration=311s
2026-09-05 00:32:49,691 | INFO | attendance | Session closed: id=22, type=unknown, duration=301s
2026-09-05 00:32:49,692 | INFO | attendance | Session closed: id=26, type=unknown, duration=280s
2026-09-05 00:32:49,692 | INFO | attendance | Session closed: id=29, type=unknown, duration=193s
2026-09-05 00:32:49,692 | INFO | attendance | Session closed: id=30, type=unknown, duration=188s
2026-09-05 00:33:04,600 | INFO | attendance | Shutdown: stopping all cameras...
2026-09-05 00:33:05,072 | INFO | attendance | Camera '1': disconnected
2026-09-05 00:33:05,073 | INFO | attendance | CameraService: stopped all cameras
2026-09-05 00:33:05,073 | INFO | attendance | Camera '1': disconnected
2026-09-05 00:33:05,073 | INFO | attendance | Shutdown: closing active sessions...
2026-09-05 00:33:05,073 | INFO | attendance | Camera loop stopped for '1'
2026-09-05 00:33:05,136 | INFO | attendance | Closed 4 active sessions on shutdown
2026-09-05 00:33:05,137 | INFO | attendance | Shutdown complete. Closed 4 sessions.
2026-09-05 00:33:14,213 | INFO | attendance | FaceDetector initialized with ONNX Runtime (UltraFace) (model: ultraface-RFB-320.onnx, input: 320x240)
2026-09-05 00:33:14,214 | WARNING | attendance | FaceEngine: cv2.face not available, falling back to simple distance mode
2026-09-05 00:33:14,214 | INFO | attendance | AttendanceService initialized
2026-09-05 00:33:14,214 | INFO | attendance | CameraService: processor service attached
2026-09-05 00:33:14,222 | INFO | attendance | Application started successfully.
2026-09-05 00:33:14,223 | INFO | attendance | Face engine mode: simple
2026-09-05 00:33:14,223 | INFO | attendance | Face detector: ultraface
2026-09-05 00:33:14,301 | INFO | attendance | Startup: starting active cameras...
2026-09-05 00:33:14,304 | INFO | attendance | Camera loop started for '1' (area_id=1)
2026-09-05 00:33:14,355 | INFO | attendance | CameraService: started 1 cameras
2026-09-05 00:33:14,356 | INFO | attendance | Startup: building face gallery...
2026-09-05 00:33:14,356 | INFO | attendance | EmployeeService: rebuilding face gallery...
2026-09-05 00:33:14,361 | INFO | attendance | FaceGallery: loaded 1 employees with faces
2026-09-05 00:33:14,362 | INFO | attendance | EmployeeService: gallery rebuild complete
2026-09-05 00:33:14,363 | INFO | attendance | Startup: ready!
2026-09-05 00:33:14,389 | INFO | attendance | Camera '1' (id=1): connecting to 0
2026-09-05 00:33:15,074 | INFO | attendance | Camera '1': connected successfully
2026-09-05 00:33:15,855 | INFO | attendance | New session created: id=33, type=unknown, emp_id=-, camera=1
2026-09-05 00:33:28,184 | INFO | attendance | New session created: id=34, type=employee, emp_id=1, camera=1
2026-09-05 00:33:55,227 | INFO | attendance | New session created: id=35, type=unknown, emp_id=-, camera=1
2026-09-05 00:33:55,877 | INFO | attendance | New session created: id=36, type=unknown, emp_id=-, camera=1
2026-09-05 00:33:57,417 | INFO | attendance | New session created: id=37, type=unknown, emp_id=-, camera=1
2026-09-05 00:33:57,901 | INFO | attendance | New session created: id=38, type=unknown, emp_id=-, camera=1
2026-09-05 00:34:21,179 | INFO | attendance | New session created: id=39, type=unknown, emp_id=-, camera=1
2026-09-05 00:34:30,710 | INFO | attendance | New session created: id=40, type=unknown, emp_id=-, camera=1
2026-09-05 00:34:30,988 | INFO | attendance | New session created: id=41, type=unknown, emp_id=-, camera=1
2026-09-05 00:36:02,679 | INFO | attendance | New session created: id=42, type=unknown, emp_id=-, camera=1
2026-09-05 00:36:04,817 | INFO | attendance | New session created: id=43, type=unknown, emp_id=-, camera=1
2026-09-05 00:36:06,009 | INFO | attendance | New session created: id=44, type=unknown, emp_id=-, camera=1
2026-09-05 00:36:06,080 | INFO | attendance | New session created: id=45, type=unknown, emp_id=-, camera=1
2026-09-05 00:36:07,294 | INFO | attendance | New session created: id=46, type=unknown, emp_id=-, camera=1
2026-09-05 00:37:10,206 | INFO | attendance | New session created: id=47, type=unknown, emp_id=-, camera=1
2026-09-05 00:37:21,260 | INFO | attendance | Session closed: id=39, type=unknown, duration=180s
2026-09-05 00:37:37,000 | INFO | attendance | Session closed: id=40, type=unknown, duration=186s
2026-09-05 00:37:37,001 | INFO | attendance | Session closed: id=41, type=unknown, duration=185s
2026-09-05 00:37:56,210 | INFO | attendance | New session created: id=48, type=unknown, emp_id=-, camera=1
2026-09-05 00:37:58,785 | INFO | attendance | New session created: id=49, type=unknown, emp_id=-, camera=1
2026-09-05 00:38:44,511 | INFO | attendance | New session created: id=50, type=unknown, emp_id=-, camera=1
2026-09-05 00:38:44,776 | INFO | attendance | New session created: id=51, type=unknown, emp_id=-, camera=1
2026-09-05 00:38:45,886 | INFO | attendance | New session created: id=52, type=unknown, emp_id=-, camera=1
2026-09-05 00:38:56,156 | INFO | attendance | New session created: id=53, type=unknown, emp_id=-, camera=1
2026-09-05 00:38:56,421 | INFO | attendance | New session created: id=54, type=unknown, emp_id=-, camera=1
2026-09-05 00:39:30,971 | INFO | attendance | New session created: id=55, type=unknown, emp_id=-, camera=1
2026-09-05 00:39:31,018 | INFO | attendance | Session closed: id=38, type=unknown, duration=333s
2026-09-05 00:39:31,019 | INFO | attendance | Session closed: id=42, type=unknown, duration=208s
2026-09-05 00:39:31,019 | INFO | attendance | Session closed: id=44, type=unknown, duration=204s
2026-09-05 00:39:31,019 | INFO | attendance | Session closed: id=45, type=unknown, duration=204s
2026-09-05 00:39:31,019 | INFO | attendance | Session closed: id=46, type=unknown, duration=203s
2026-09-05 00:39:41,487 | INFO | attendance | New session created: id=56, type=unknown, emp_id=-, camera=1
2026-09-05 00:40:56,793 | INFO | attendance | Session closed: id=43, type=unknown, duration=292s
2026-09-05 00:41:11,639 | INFO | attendance | New session created: id=57, type=unknown, emp_id=-, camera=1
2026-09-05 00:41:12,135 | INFO | attendance | New session created: id=58, type=unknown, emp_id=-, camera=1
2026-09-05 00:41:12,434 | INFO | attendance | New session created: id=59, type=unknown, emp_id=-, camera=1
2026-09-05 00:41:12,756 | INFO | attendance | New session created: id=60, type=unknown, emp_id=-, camera=1
2026-09-05 00:41:14,920 | INFO | attendance | New session created: id=61, type=unknown, emp_id=-, camera=1
2026-09-05 00:41:20,766 | INFO | attendance | Shutdown: stopping all cameras...
2026-09-05 00:41:21,233 | INFO | attendance | Camera '1': disconnected
2026-09-05 00:41:21,234 | INFO | attendance | CameraService: stopped all cameras
2026-09-05 00:41:21,234 | INFO | attendance | Camera '1': disconnected
2026-09-05 00:41:21,234 | INFO | attendance | Shutdown: closing active sessions...
2026-09-05 00:41:21,235 | INFO | attendance | Camera loop stopped for '1'
2026-09-05 00:41:21,291 | INFO | attendance | Closed 20 active sessions on shutdown
2026-09-05 00:41:21,291 | INFO | attendance | Shutdown complete. Closed 20 sessions.
2026-09-05 01:18:48,546 | INFO | attendance | FaceDetector initialized with ONNX Runtime (UltraFace) (model: ultraface-RFB-320.onnx, input: 320x240)
2026-09-05 01:18:48,547 | WARNING | attendance | FaceEngine: cv2.face not available, falling back to simple distance mode
2026-09-05 01:18:48,547 | INFO | attendance | UnknownService initialized
2026-09-05 01:18:48,547 | INFO | attendance | AttendanceService initialized
2026-09-05 01:18:48,548 | INFO | attendance | CameraService: processor service attached
2026-09-05 01:18:48,549 | INFO | attendance | Application started successfully.
2026-09-05 01:18:48,549 | INFO | attendance | Face engine mode: simple
2026-09-05 01:18:48,549 | INFO | attendance | Face detector: ultraface
2026-09-05 01:18:48,584 | INFO | attendance | Startup: starting active cameras...
2026-09-05 01:18:48,587 | INFO | attendance | Camera loop started for '1' (area_id=1)
2026-09-05 01:18:48,819 | INFO | attendance | CameraService: started 1 cameras
2026-09-05 01:18:48,819 | INFO | attendance | Startup: building face gallery...
2026-09-05 01:18:48,819 | INFO | attendance | EmployeeService: rebuilding face gallery...
2026-09-05 01:18:48,821 | INFO | attendance | FaceGallery: loaded 1 employees with faces
2026-09-05 01:18:48,822 | INFO | attendance | EmployeeService: gallery rebuild complete
2026-09-05 01:18:48,822 | INFO | attendance | Startup: ready!
2026-09-05 01:18:48,906 | INFO | attendance | Camera '1' (id=1): connecting to 0
2026-09-05 01:18:49,517 | INFO | attendance | Camera '1': connected successfully
2026-09-05 01:18:50,084 | INFO | attendance | New session created: id=62, type=unknown, emp_id=-, unk_id=None, camera=1
2026-09-05 01:18:51,595 | INFO | attendance | New session created: id=63, type=employee, emp_id=1, unk_id=-, camera=1
2026-09-05 01:18:52,428 | INFO | attendance | New session created: id=64, type=unknown, emp_id=-, unk_id=None, camera=1
2026-09-05 01:19:06,705 | INFO | attendance | New session created: id=65, type=unknown, emp_id=-, unk_id=None, camera=1
2026-09-05 01:19:14,505 | INFO | attendance | New session created: id=66, type=unknown, emp_id=-, unk_id=None, camera=1
2026-09-05 01:19:15,006 | INFO | attendance | New session created: id=67, type=unknown, emp_id=-, unk_id=None, camera=1
2026-09-05 01:19:15,594 | INFO | attendance | New session created: id=68, type=unknown, emp_id=-, unk_id=None, camera=1
2026-09-05 01:19:16,072 | INFO | attendance | New session created: id=69, type=unknown, emp_id=-, unk_id=None, camera=1
2026-09-05 01:19:16,616 | INFO | attendance | New session created: id=70, type=unknown, emp_id=-, unk_id=None, camera=1
2026-09-05 01:19:17,639 | INFO | attendance | New session created: id=71, type=unknown, emp_id=-, unk_id=None, camera=1
2026-09-05 01:19:24,361 | INFO | attendance | New session created: id=72, type=unknown, emp_id=-, unk_id=None, camera=1
2026-09-05 01:19:29,107 | INFO | attendance | New session created: id=73, type=unknown, emp_id=-, unk_id=None, camera=1
2026-09-05 01:19:30,284 | INFO | attendance | New session created: id=74, type=unknown, emp_id=-, unk_id=None, camera=1
2026-09-05 01:19:31,450 | INFO | attendance | New session created: id=75, type=unknown, emp_id=-, unk_id=None, camera=1
2026-09-05 01:19:38,450 | INFO | attendance | New session created: id=76, type=unknown, emp_id=-, unk_id=None, camera=1
2026-09-05 01:19:39,006 | INFO | attendance | New session created: id=77, type=unknown, emp_id=-, unk_id=None, camera=1
2026-09-05 01:19:39,139 | INFO | attendance | New session created: id=78, type=unknown, emp_id=-, unk_id=None, camera=1
2026-09-05 01:22:41,834 | INFO | attendance | Session closed: id=62, type=unknown, duration=231s
2026-09-05 01:22:41,835 | INFO | attendance | Session closed: id=67, type=unknown, duration=206s
2026-09-05 01:22:41,835 | INFO | attendance | Session closed: id=71, type=unknown, duration=204s
2026-09-05 01:22:41,835 | INFO | attendance | Session closed: id=72, type=unknown, duration=197s
2026-09-05 01:22:41,836 | INFO | attendance | Session closed: id=73, type=unknown, duration=192s
2026-09-05 01:22:41,836 | INFO | attendance | Session closed: id=74, type=unknown, duration=191s
2026-09-05 01:22:41,837 | INFO | attendance | Session closed: id=75, type=unknown, duration=190s
2026-09-05 01:22:41,837 | INFO | attendance | Session closed: id=76, type=unknown, duration=183s
2026-09-05 01:22:41,838 | INFO | attendance | Session closed: id=77, type=unknown, duration=182s
2026-09-05 01:22:41,838 | INFO | attendance | Session closed: id=78, type=unknown, duration=182s
2026-09-05 01:22:43,365 | INFO | attendance | New session created: id=79, type=unknown, emp_id=-, unk_id=None, camera=1
2026-09-05 01:22:43,854 | INFO | attendance | New session created: id=80, type=unknown, emp_id=-, unk_id=None, camera=1
2026-09-05 01:22:46,798 | INFO | attendance | New session created: id=81, type=unknown, emp_id=-, unk_id=None, camera=1
2026-09-05 01:22:46,876 | INFO | attendance | Session closed: id=64, type=unknown, duration=234s
2026-09-05 01:22:47,421 | INFO | attendance | New session created: id=82, type=unknown, emp_id=-, unk_id=None, camera=1
2026-09-05 01:22:53,620 | INFO | attendance | New session created: id=83, type=unknown, emp_id=-, unk_id=None, camera=1
2026-09-05 01:22:57,389 | INFO | attendance | Session closed: id=68, type=unknown, duration=221s
2026-09-05 01:23:12,605 | INFO | attendance | Shutdown: stopping all cameras...
2026-09-05 01:23:13,077 | INFO | attendance | Camera '1': disconnected
2026-09-05 01:23:13,077 | INFO | attendance | CameraService: stopped all cameras
2026-09-05 01:23:13,077 | INFO | attendance | Camera '1': disconnected
2026-09-05 01:23:13,078 | INFO | attendance | Shutdown: closing active sessions...
2026-09-05 01:23:13,078 | INFO | attendance | Camera loop stopped for '1'
2026-09-05 01:23:13,154 | INFO | attendance | Closed 10 active sessions on shutdown
2026-09-05 01:23:13,155 | INFO | attendance | Shutdown complete. Closed 10 sessions.
2026-09-05 01:23:15,970 | INFO | attendance | FaceDetector initialized with ONNX Runtime (UltraFace) (model: ultraface-RFB-320.onnx, input: 320x240)
2026-09-05 01:23:15,971 | WARNING | attendance | FaceEngine: cv2.face not available, falling back to simple distance mode
2026-09-05 01:23:15,971 | INFO | attendance | UnknownService initialized
2026-09-05 01:23:15,971 | INFO | attendance | AttendanceService initialized
2026-09-05 01:23:15,971 | INFO | attendance | CameraService: processor service attached
2026-09-05 01:23:15,973 | INFO | attendance | Application started successfully.
2026-09-05 01:23:15,973 | INFO | attendance | Face engine mode: simple
2026-09-05 01:23:15,973 | INFO | attendance | Face detector: ultraface
2026-09-05 01:23:16,006 | INFO | attendance | Startup: starting active cameras...
2026-09-05 01:23:16,008 | INFO | attendance | Camera loop started for '1' (area_id=1)
2026-09-05 01:23:16,104 | INFO | attendance | CameraService: started 1 cameras
2026-09-05 01:23:16,104 | INFO | attendance | Startup: building face gallery...
2026-09-05 01:23:16,104 | INFO | attendance | EmployeeService: rebuilding face gallery...
2026-09-05 01:23:16,108 | INFO | attendance | FaceGallery: loaded 1 employees with faces
2026-09-05 01:23:16,109 | INFO | attendance | EmployeeService: gallery rebuild complete
2026-09-05 01:23:16,109 | INFO | attendance | Startup: ready!
2026-09-05 01:23:16,189 | INFO | attendance | Camera '1' (id=1): connecting to 0
2026-09-05 01:23:16,781 | INFO | attendance | Camera '1': connected successfully
2026-09-05 01:23:17,433 | INFO | attendance | New session created: id=84, type=unknown, emp_id=-, unk_id=None, camera=1
2026-09-05 01:23:22,955 | INFO | attendance | New session created: id=85, type=unknown, emp_id=-, unk_id=None, camera=1
2026-09-05 01:23:23,410 | INFO | attendance | New session created: id=86, type=unknown, emp_id=-, unk_id=None, camera=1
2026-09-05 01:23:24,966 | INFO | attendance | New session created: id=87, type=unknown, emp_id=-, unk_id=None, camera=1
2026-09-05 01:23:25,432 | INFO | attendance | New session created: id=88, type=unknown, emp_id=-, unk_id=None, camera=1
2026-09-05 01:23:25,966 | INFO | attendance | New session created: id=89, type=unknown, emp_id=-, unk_id=None, camera=1
2026-09-05 01:23:26,455 | INFO | attendance | New session created: id=90, type=unknown, emp_id=-, unk_id=None, camera=1
2026-09-05 01:23:36,511 | INFO | attendance | New unknown created: id=1, code=UNKNOWN-000001
2026-09-05 01:23:36,577 | INFO | attendance | New session created: id=91, type=unknown, emp_id=-, unk_id=1, camera=1
2026-09-05 01:23:37,655 | INFO | attendance | New session created: id=92, type=employee, emp_id=1, unk_id=-, camera=1
2026-09-05 01:23:38,166 | INFO | attendance | New session created: id=93, type=unknown, emp_id=-, unk_id=None, camera=1
2026-09-05 01:23:50,487 | INFO | attendance | New session created: id=94, type=unknown, emp_id=-, unk_id=None, camera=1
2026-09-05 01:24:44,914 | INFO | attendance | New session created: id=95, type=unknown, emp_id=-, unk_id=None, camera=1
2026-09-05 01:24:52,778 | INFO | attendance | New session created: id=96, type=unknown, emp_id=-, unk_id=None, camera=1
2026-09-05 01:24:53,888 | INFO | attendance | New session created: id=97, type=unknown, emp_id=-, unk_id=None, camera=1
2026-09-05 01:26:32,146 | INFO | attendance | Session closed: id=87, type=unknown, duration=187s
2026-09-05 01:26:32,147 | INFO | attendance | Session closed: id=88, type=unknown, duration=186s
2026-09-05 01:26:32,147 | INFO | attendance | Session closed: id=89, type=unknown, duration=186s
2026-09-05 01:26:32,147 | INFO | attendance | Session closed: id=90, type=unknown, duration=185s
2026-09-05 01:26:39,114 | INFO | attendance | Session closed: id=91, type=unknown, duration=182s
2026-09-05 01:27:06,675 | INFO | attendance | New session created: id=98, type=unknown, emp_id=-, unk_id=None, camera=1
2026-09-05 01:27:07,339 | INFO | attendance | New unknown created: id=2, code=UNKNOWN-000002
2026-09-05 01:27:07,375 | INFO | attendance | New session created: id=99, type=unknown, emp_id=-, unk_id=2, camera=1
2026-09-05 01:27:10,742 | INFO | attendance | New session created: id=100, type=unknown, emp_id=-, unk_id=None, camera=1
2026-09-05 01:27:14,091 | INFO | attendance | New unknown created: id=3, code=UNKNOWN-000003
2026-09-05 01:27:14,129 | INFO | attendance | New session created: id=101, type=unknown, emp_id=-, unk_id=3, camera=1
2026-09-05 01:27:18,041 | INFO | attendance | New unknown created: id=4, code=UNKNOWN-000004
2026-09-05 01:27:18,077 | INFO | attendance | New session created: id=102, type=unknown, emp_id=-, unk_id=4, camera=1
2026-09-05 01:27:20,597 | INFO | attendance | New session created: id=103, type=unknown, emp_id=-, unk_id=None, camera=1
2026-09-05 01:27:22,072 | INFO | attendance | New session created: id=104, type=unknown, emp_id=-, unk_id=None, camera=1
2026-09-05 01:27:38,569 | INFO | attendance | New session created: id=105, type=unknown, emp_id=-, unk_id=None, camera=1
2026-09-05 01:27:55,690 | INFO | attendance | Session closed: id=96, type=unknown, duration=182s
2026-09-05 01:28:12,902 | INFO | attendance | New unknown created: id=5, code=UNKNOWN-000005
2026-09-05 01:28:12,939 | INFO | attendance | New session created: id=106, type=unknown, emp_id=-, unk_id=5, camera=1
2026-09-05 01:28:12,975 | INFO | attendance | Session closed: id=94, type=unknown, duration=262s
2026-09-05 01:28:24,716 | INFO | attendance | New session created: id=107, type=unknown, emp_id=-, unk_id=None, camera=1
2026-09-05 01:28:25,554 | INFO | attendance | New session created: id=108, type=unknown, emp_id=-, unk_id=None, camera=1
2026-09-05 01:28:32,242 | INFO | attendance | Saved face for employee 1: E:\face_l\data\images\employees\1\face_1788559112241.jpg
2026-09-05 01:28:32,308 | INFO | attendance | FaceEngine: gallery marked for rebuild
2026-09-05 01:28:32,308 | INFO | attendance | EmployeeService: added face 4 to employee 1
2026-09-05 01:28:32,309 | INFO | attendance | Transferred face from unknown 2 to employee 1
2026-09-05 01:28:32,366 | INFO | attendance | Unknown 2 assigned to employee 1
2026-09-05 01:28:36,276 | INFO | attendance | Saved face for employee 1: E:\face_l\data\images\employees\1\face_1788559116275.jpg
2026-09-05 01:28:36,321 | INFO | attendance | FaceEngine: gallery marked for rebuild
2026-09-05 01:28:36,322 | INFO | attendance | EmployeeService: added face 5 to employee 1
2026-09-05 01:28:36,322 | INFO | attendance | Transferred face from unknown 4 to employee 1
2026-09-05 01:28:36,390 | INFO | attendance | Unknown 4 assigned to employee 1
2026-09-05 01:28:38,917 | INFO | attendance | Saved face for employee 1: E:\face_l\data\images\employees\1\face_1788559118915.jpg
2026-09-05 01:28:38,955 | INFO | attendance | FaceEngine: gallery marked for rebuild
2026-09-05 01:28:38,955 | INFO | attendance | EmployeeService: added face 6 to employee 1
2026-09-05 01:28:38,955 | INFO | attendance | Transferred face from unknown 5 to employee 1
2026-09-05 01:28:38,991 | INFO | attendance | Unknown 5 assigned to employee 1
2026-09-05 01:28:41,420 | INFO | attendance | Saved face for employee 1: E:\face_l\data\images\employees\1\face_1788559121419.jpg
2026-09-05 01:28:41,453 | INFO | attendance | FaceEngine: gallery marked for rebuild
2026-09-05 01:28:41,453 | INFO | attendance | EmployeeService: added face 7 to employee 1
2026-09-05 01:28:41,453 | INFO | attendance | Transferred face from unknown 1 to employee 1
2026-09-05 01:28:41,489 | INFO | attendance | Unknown 1 assigned to employee 1
2026-09-05 01:28:44,212 | INFO | attendance | Saved face for employee 1: E:\face_l\data\images\employees\1\face_1788559124211.jpg
2026-09-05 01:28:44,290 | INFO | attendance | FaceEngine: gallery marked for rebuild
2026-09-05 01:28:44,291 | INFO | attendance | EmployeeService: added face 8 to employee 1
2026-09-05 01:28:44,292 | INFO | attendance | Transferred face from unknown 3 to employee 1
2026-09-05 01:28:44,373 | INFO | attendance | Unknown 3 assigned to employee 1
2026-09-05 01:28:44,649 | INFO | attendance | New session created: id=109, type=unknown, emp_id=-, unk_id=None, camera=1
2026-09-05 01:29:06,819 | INFO | attendance | New session created: id=110, type=unknown, emp_id=-, unk_id=None, camera=1
2026-09-05 01:29:07,072 | INFO | attendance | New session created: id=111, type=unknown, emp_id=-, unk_id=None, camera=1
2026-09-05 01:29:34,580 | INFO | attendance | Shutdown: stopping all cameras...
2026-09-05 01:29:35,050 | INFO | attendance | Camera '1': disconnected
2026-09-05 01:29:35,051 | INFO | attendance | CameraService: stopped all cameras
2026-09-05 01:29:35,051 | INFO | attendance | Camera '1': disconnected
2026-09-05 01:29:35,051 | INFO | attendance | Shutdown: closing active sessions...
2026-09-05 01:29:35,051 | INFO | attendance | Camera loop stopped for '1'
2026-09-05 01:29:35,157 | INFO | attendance | Closed 21 active sessions on shutdown
2026-09-05 01:29:35,158 | INFO | attendance | Shutdown complete. Closed 21 sessions.
2026-09-05 01:29:38,449 | INFO | attendance | FaceDetector initialized with ONNX Runtime (UltraFace) (model: ultraface-RFB-320.onnx, input: 320x240)
2026-09-05 01:29:38,450 | WARNING | attendance | FaceEngine: cv2.face not available, falling back to simple distance mode
2026-09-05 01:29:38,450 | INFO | attendance | UnknownService initialized
2026-09-05 01:29:38,450 | INFO | attendance | AttendanceService initialized
2026-09-05 01:29:38,450 | INFO | attendance | CameraService: processor service attached
2026-09-05 01:29:38,452 | INFO | attendance | Application started successfully.
2026-09-05 01:29:38,452 | INFO | attendance | Face engine mode: simple
2026-09-05 01:29:38,452 | INFO | attendance | Face detector: ultraface
2026-09-05 01:29:38,493 | INFO | attendance | Startup: starting active cameras...
2026-09-05 01:29:38,497 | INFO | attendance | Camera loop started for '1' (area_id=1)
2026-09-05 01:29:38,541 | INFO | attendance | CameraService: started 1 cameras
2026-09-05 01:29:38,541 | INFO | attendance | Startup: building face gallery...
2026-09-05 01:29:38,541 | INFO | attendance | EmployeeService: rebuilding face gallery...
2026-09-05 01:29:38,575 | INFO | attendance | FaceGallery: loaded 1 employees with faces
2026-09-05 01:29:38,576 | INFO | attendance | EmployeeService: gallery rebuild complete
2026-09-05 01:29:38,576 | INFO | attendance | Startup: ready!
2026-09-05 01:29:38,687 | INFO | attendance | Camera '1' (id=1): connecting to 0
2026-09-05 01:29:39,322 | INFO | attendance | Camera '1': connected successfully
2026-09-05 01:29:44,785 | INFO | attendance | New session created: id=112, type=employee, emp_id=1, unk_id=-, camera=1
2026-09-05 01:29:46,264 | INFO | attendance | New session created: id=113, type=unknown, emp_id=-, unk_id=None, camera=1
2026-09-05 01:30:34,316 | INFO | attendance | Shutdown: stopping all cameras...
2026-09-05 01:30:34,784 | INFO | attendance | Camera '1': disconnected
2026-09-05 01:30:34,784 | INFO | attendance | CameraService: stopped all cameras
2026-09-05 01:30:34,784 | INFO | attendance | Camera '1': disconnected
2026-09-05 01:30:34,784 | INFO | attendance | Shutdown: closing active sessions...
2026-09-05 01:30:34,785 | INFO | attendance | Camera loop stopped for '1'
2026-09-05 01:30:34,824 | INFO | attendance | Closed 2 active sessions on shutdown
2026-09-05 01:30:34,825 | INFO | attendance | Shutdown complete. Closed 2 sessions.
2026-09-05 01:30:37,889 | INFO | attendance | FaceDetector initialized with ONNX Runtime (UltraFace) (model: ultraface-RFB-320.onnx, input: 320x240)
2026-09-05 01:30:37,889 | WARNING | attendance | FaceEngine: cv2.face not available, falling back to simple distance mode
2026-09-05 01:30:37,890 | INFO | attendance | UnknownService initialized, images dir: E:\face_l\data\images\unknowns
2026-09-05 01:30:37,890 | INFO | attendance | AttendanceService initialized. Unknown service: ✅ available
2026-09-05 01:30:37,890 | INFO | attendance | CameraService: processor service attached
2026-09-05 01:30:37,892 | INFO | attendance | Application started successfully.
2026-09-05 01:30:37,892 | INFO | attendance | Face engine mode: simple
2026-09-05 01:30:37,892 | INFO | attendance | Face detector: ultraface
2026-09-05 01:30:37,938 | INFO | attendance | Startup: starting active cameras...
2026-09-05 01:30:37,942 | INFO | attendance | Camera loop started for '1' (area_id=1)
2026-09-05 01:30:38,032 | INFO | attendance | Camera '1' (id=1): connecting to 0
2026-09-05 01:30:38,045 | INFO | attendance | CameraService: started 1 cameras
2026-09-05 01:30:38,045 | INFO | attendance | Startup: building face gallery...
2026-09-05 01:30:38,046 | INFO | attendance | EmployeeService: rebuilding face gallery...
2026-09-05 01:30:38,055 | INFO | attendance | FaceGallery: loaded 1 employees with faces
2026-09-05 01:30:38,057 | INFO | attendance | EmployeeService: gallery rebuild complete
2026-09-05 01:30:38,057 | INFO | attendance | Startup: ready!
2026-09-05 01:30:38,682 | INFO | attendance | Camera '1': connected successfully
2026-09-05 01:30:45,186 | INFO | attendance | ✅ New session created: id=114, type=employee, emp_id=1, camera=1
2026-09-05 01:30:46,891 | INFO | attendance | Image saved successfully: E:\face_l\data\images\unknowns\unknown_1.jpg (10822 bytes)
2026-09-05 01:30:46,892 | INFO | attendance | Saved image for unknown 1: images/unknowns/unknown_1.jpg
2026-09-05 01:30:46,961 | INFO | attendance | ✅ New unknown created: id=1, code=UNKNOWN-000001
2026-09-05 01:30:46,961 | INFO | attendance | ✅ Created unknown id=1 for track temp_1_200_100
2026-09-05 01:30:47,165 | INFO | attendance | ✅ New session created: id=115, type=unknown, unk_id=1, camera=1
2026-09-05 01:30:50,041 | INFO | attendance | ✅ New session created: id=116, type=employee, emp_id=1, camera=1
2026-09-05 01:30:51,634 | INFO | attendance | ✅ New session created: id=117, type=employee, emp_id=1, camera=1
2026-09-05 01:30:58,316 | INFO | attendance | Saved face for employee 1: E:\face_l\data\images\employees\1\face_1788559258315.jpg
2026-09-05 01:30:58,357 | INFO | attendance | FaceEngine: gallery marked for rebuild
2026-09-05 01:30:58,357 | INFO | attendance | EmployeeService: added face 9 to employee 1
2026-09-05 01:30:58,358 | INFO | attendance | Transferred face from unknown 1 to employee 1
2026-09-05 01:30:58,404 | INFO | attendance | ✅ Unknown 1 assigned to employee 1
2026-09-05 01:31:16,202 | INFO | attendance | ✅ New session created: id=118, type=employee, emp_id=1, camera=1
2026-09-05 01:31:16,468 | INFO | attendance | ✅ New session created: id=119, type=employee, emp_id=1, camera=1
2026-09-05 01:31:27,482 | INFO | attendance | ✅ New session created: id=120, type=employee, emp_id=1, camera=1
2026-09-05 01:31:40,371 | INFO | attendance | ✅ New session created: id=121, type=employee, emp_id=1, camera=1
2026-09-05 01:31:48,609 | INFO | attendance | ✅ New session created: id=122, type=employee, emp_id=1, camera=1
2026-09-05 01:31:50,385 | INFO | attendance | Image saved successfully: E:\face_l\data\images\unknowns\unknown_1.jpg (12303 bytes)
2026-09-05 01:31:50,386 | INFO | attendance | Saved image for unknown 1: images/unknowns/unknown_1.jpg
2026-09-05 01:31:50,418 | INFO | attendance | ✅ New unknown created: id=1, code=UNKNOWN-000001
2026-09-05 01:31:50,418 | INFO | attendance | ✅ Created unknown id=1 for track temp_1_50_200
2026-09-05 01:31:50,454 | INFO | attendance | ✅ New session created: id=123, type=unknown, unk_id=1, camera=1
2026-09-05 01:31:50,708 | INFO | attendance | ✅ New session created: id=124, type=employee, emp_id=1, camera=1
2026-09-05 01:31:51,010 | INFO | attendance | ✅ New session created: id=125, type=employee, emp_id=1, camera=1
2026-09-05 01:31:51,679 | INFO | attendance | ✅ New session created: id=126, type=employee, emp_id=1, camera=1
2026-09-05 01:31:53,544 | INFO | attendance | ✅ New session created: id=127, type=employee, emp_id=1, camera=1
2026-09-05 01:31:59,848 | INFO | attendance | Image saved successfully: E:\face_l\data\images\unknowns\unknown_2.jpg (13158 bytes)
2026-09-05 01:31:59,849 | INFO | attendance | Saved image for unknown 2: images/unknowns/unknown_2.jpg
2026-09-05 01:31:59,885 | INFO | attendance | ✅ New unknown created: id=2, code=UNKNOWN-000002
2026-09-05 01:31:59,885 | INFO | attendance | ✅ Created unknown id=2 for track temp_1_200_100
2026-09-05 01:32:04,073 | INFO | attendance | Image saved successfully: E:\face_l\data\images\unknowns\unknown_3.jpg (12644 bytes)
2026-09-05 01:32:04,073 | INFO | attendance | Saved image for unknown 3: images/unknowns/unknown_3.jpg
2026-09-05 01:32:04,108 | INFO | attendance | ✅ New unknown created: id=3, code=UNKNOWN-000003
2026-09-05 01:32:04,108 | INFO | attendance | ✅ Created unknown id=3 for track temp_1_250_150
2026-09-05 01:32:05,646 | INFO | attendance | Image saved successfully: E:\face_l\data\images\unknowns\unknown_4.jpg (15321 bytes)
2026-09-05 01:32:05,647 | INFO | attendance | Saved image for unknown 4: images/unknowns/unknown_4.jpg
2026-09-05 01:32:05,685 | INFO | attendance | ✅ New unknown created: id=4, code=UNKNOWN-000004
2026-09-05 01:32:05,686 | INFO | attendance | ✅ Created unknown id=4 for track temp_1_250_150
2026-09-05 01:32:06,074 | INFO | attendance | Image saved successfully: E:\face_l\data\images\unknowns\unknown_5.jpg (14486 bytes)
2026-09-05 01:32:06,075 | INFO | attendance | Saved image for unknown 5: images/unknowns/unknown_5.jpg
2026-09-05 01:32:06,108 | INFO | attendance | ✅ New unknown created: id=5, code=UNKNOWN-000005
2026-09-05 01:32:06,109 | INFO | attendance | ✅ Created unknown id=5 for track temp_1_200_150
2026-09-05 01:32:19,034 | INFO | attendance | Saved face for employee 1: E:\face_l\data\images\employees\1\face_1788559339033.jpg
2026-09-05 01:32:19,068 | INFO | attendance | FaceEngine: gallery marked for rebuild
2026-09-05 01:32:19,069 | INFO | attendance | EmployeeService: added face 10 to employee 1
2026-09-05 01:32:19,069 | INFO | attendance | Transferred face from unknown 5 to employee 1
2026-09-05 01:32:19,144 | INFO | attendance | ✅ Unknown 5 assigned to employee 1
2026-09-05 01:32:22,800 | INFO | attendance | Saved face for employee 1: E:\face_l\data\images\employees\1\face_1788559342799.jpg
2026-09-05 01:32:22,841 | INFO | attendance | FaceEngine: gallery marked for rebuild
2026-09-05 01:32:22,841 | INFO | attendance | EmployeeService: added face 11 to employee 1
2026-09-05 01:32:22,842 | INFO | attendance | Transferred face from unknown 4 to employee 1
2026-09-05 01:32:22,875 | INFO | attendance | ✅ Unknown 4 assigned to employee 1
2026-09-05 01:32:27,365 | INFO | attendance | Saved face for employee 1: E:\face_l\data\images\employees\1\face_1788559347363.jpg
2026-09-05 01:32:27,439 | INFO | attendance | FaceEngine: gallery marked for rebuild
2026-09-05 01:32:27,439 | INFO | attendance | EmployeeService: added face 12 to employee 1
2026-09-05 01:32:27,439 | INFO | attendance | Transferred face from unknown 2 to employee 1
2026-09-05 01:32:27,474 | INFO | attendance | ✅ Unknown 2 assigned to employee 1
2026-09-05 01:32:30,659 | INFO | attendance | Saved face for employee 1: E:\face_l\data\images\employees\1\face_1788559350658.jpg
2026-09-05 01:32:30,692 | INFO | attendance | FaceEngine: gallery marked for rebuild
2026-09-05 01:32:30,692 | INFO | attendance | EmployeeService: added face 13 to employee 1
2026-09-05 01:32:30,693 | INFO | attendance | Transferred face from unknown 1 to employee 1
2026-09-05 01:32:30,739 | INFO | attendance | ✅ Unknown 1 assigned to employee 1
2026-09-05 01:32:34,670 | INFO | attendance | Saved face for employee 1: E:\face_l\data\images\employees\1\face_1788559354670.jpg
2026-09-05 01:32:34,709 | INFO | attendance | FaceEngine: gallery marked for rebuild
2026-09-05 01:32:34,710 | INFO | attendance | EmployeeService: added face 14 to employee 1
2026-09-05 01:32:34,710 | INFO | attendance | Transferred face from unknown 3 to employee 1
2026-09-05 01:32:34,854 | INFO | attendance | ✅ Unknown 3 assigned to employee 1
2026-09-05 01:33:40,849 | INFO | attendance | Shutdown: stopping all cameras...
2026-09-05 01:33:41,326 | INFO | attendance | Camera '1': disconnected
2026-09-05 01:33:41,327 | INFO | attendance | CameraService: stopped all cameras
2026-09-05 01:33:41,327 | INFO | attendance | Camera '1': disconnected
2026-09-05 01:33:41,327 | INFO | attendance | Shutdown: closing active sessions...
2026-09-05 01:33:41,328 | INFO | attendance | Camera loop stopped for '1'
2026-09-05 01:33:41,376 | INFO | attendance | Closed 14 active sessions on shutdown
2026-09-05 01:33:41,377 | INFO | attendance | Shutdown complete. Closed 14 sessions.
2026-09-05 01:33:50,935 | INFO | attendance | FaceDetector initialized with ONNX Runtime (UltraFace) (model: ultraface-RFB-320.onnx, input: 320x240)
2026-09-05 01:33:50,936 | WARNING | attendance | FaceEngine: cv2.face not available, falling back to simple distance mode
2026-09-05 01:33:50,936 | INFO | attendance | UnknownService initialized, images dir: E:\face_l\data\images\unknowns
2026-09-05 01:33:50,936 | INFO | attendance | AttendanceService initialized. Unknown service: ✅ available
2026-09-05 01:33:50,937 | INFO | attendance | CameraService: processor service attached
2026-09-05 01:33:50,938 | INFO | attendance | Application started successfully.
2026-09-05 01:33:50,938 | INFO | attendance | Face engine mode: simple
2026-09-05 01:33:50,938 | INFO | attendance | Face detector: ultraface
2026-09-05 01:33:50,984 | INFO | attendance | Startup: starting active cameras...
2026-09-05 01:33:50,986 | INFO | attendance | Camera loop started for '1' (area_id=1)
2026-09-05 01:33:51,145 | INFO | attendance | Camera '1' (id=1): connecting to 0
2026-09-05 01:33:51,222 | INFO | attendance | CameraService: started 1 cameras
2026-09-05 01:33:51,222 | INFO | attendance | Startup: building face gallery...
2026-09-05 01:33:51,223 | INFO | attendance | EmployeeService: rebuilding face gallery...
2026-09-05 01:33:51,256 | INFO | attendance | FaceGallery: loaded 1 employees with faces
2026-09-05 01:33:51,257 | INFO | attendance | EmployeeService: gallery rebuild complete
2026-09-05 01:33:51,257 | INFO | attendance | Startup: ready!
2026-09-05 01:33:51,752 | INFO | attendance | Camera '1': connected successfully
2026-09-05 01:33:57,147 | INFO | attendance | Image saved successfully: E:\face_l\data\images\unknowns\unknown_1.jpg (12131 bytes)
2026-09-05 01:33:57,148 | INFO | attendance | Saved image for unknown 1: images/unknowns/unknown_1.jpg
2026-09-05 01:33:57,223 | INFO | attendance | ✅ New unknown created: id=1, code=UNKNOWN-000001
2026-09-05 01:33:57,223 | INFO | attendance | ✅ Created unknown id=1 for track temp_1_250_100
2026-09-05 01:33:57,291 | INFO | attendance | ✅ New session created: id=128, type=unknown, unk_id=1, camera=1
2026-09-05 01:34:02,244 | INFO | attendance | ✅ New session created: id=129, type=employee, emp_id=1, camera=1
2026-09-05 01:34:06,388 | INFO | attendance | ✅ New session created: id=130, type=employee, emp_id=1, camera=1
2026-09-05 01:34:13,659 | INFO | attendance | Saved face for employee 1: E:\face_l\data\images\employees\1\face_1788559453658.jpg
2026-09-05 01:34:13,735 | INFO | attendance | FaceEngine: gallery marked for rebuild
2026-09-05 01:34:13,736 | INFO | attendance | EmployeeService: added face 15 to employee 1
2026-09-05 01:34:13,736 | INFO | attendance | Transferred face from unknown 1 to employee 1
2026-09-05 01:34:13,833 | INFO | attendance | ✅ Unknown 1 assigned to employee 1
2026-09-05 01:34:18,855 | INFO | attendance | ✅ New session created: id=131, type=employee, emp_id=1, camera=1
2026-09-05 01:34:19,400 | INFO | attendance | ✅ New session created: id=132, type=employee, emp_id=1, camera=1
2026-09-05 01:34:20,834 | INFO | attendance | ✅ New session created: id=133, type=employee, emp_id=1, camera=1
2026-09-05 01:34:21,379 | INFO | attendance | ✅ New session created: id=134, type=employee, emp_id=1, camera=1
2026-09-05 01:34:33,611 | INFO | attendance | ✅ New session created: id=135, type=employee, emp_id=1, camera=1
2026-09-05 01:35:01,835 | INFO | attendance | ✅ New session created: id=136, type=employee, emp_id=1, camera=1
2026-09-05 01:35:04,382 | INFO | attendance | Image saved successfully: E:\face_l\data\images\unknowns\unknown_1.jpg (10427 bytes)
2026-09-05 01:35:04,383 | INFO | attendance | Saved image for unknown 1: images/unknowns/unknown_1.jpg
2026-09-05 01:35:04,468 | INFO | attendance | ✅ New unknown created: id=1, code=UNKNOWN-000001
2026-09-05 01:35:04,468 | INFO | attendance | ✅ Created unknown id=1 for track temp_1_250_150
2026-09-05 01:35:04,825 | INFO | attendance | Image saved successfully: E:\face_l\data\images\unknowns\unknown_2.jpg (9502 bytes)
2026-09-05 01:35:04,825 | INFO | attendance | Saved image for unknown 2: images/unknowns/unknown_2.jpg
2026-09-05 01:35:04,901 | INFO | attendance | ✅ New unknown created: id=2, code=UNKNOWN-000002
2026-09-05 01:35:04,901 | INFO | attendance | ✅ Created unknown id=2 for track temp_1_300_150
2026-09-05 01:35:12,848 | INFO | attendance | Image saved successfully: E:\face_l\data\images\unknowns\unknown_3.jpg (12622 bytes)
2026-09-05 01:35:12,849 | INFO | attendance | Saved image for unknown 3: images/unknowns/unknown_3.jpg
2026-09-05 01:35:12,924 | INFO | attendance | ✅ New unknown created: id=3, code=UNKNOWN-000003
2026-09-05 01:35:12,924 | INFO | attendance | ✅ Created unknown id=3 for track temp_1_250_100
2026-09-05 01:35:21,359 | INFO | attendance | Image saved successfully: E:\face_l\data\images\unknowns\unknown_4.jpg (8698 bytes)
2026-09-05 01:35:21,359 | INFO | attendance | Saved image for unknown 4: images/unknowns/unknown_4.jpg
2026-09-05 01:35:21,423 | INFO | attendance | ✅ New unknown created: id=4, code=UNKNOWN-000004
2026-09-05 01:35:21,423 | INFO | attendance | ✅ Created unknown id=4 for track temp_1_150_100
2026-09-05 01:35:25,622 | INFO | attendance | Image saved successfully: E:\face_l\data\images\unknowns\unknown_5.jpg (10281 bytes)
2026-09-05 01:35:25,622 | INFO | attendance | Saved image for unknown 5: images/unknowns/unknown_5.jpg
2026-09-05 01:35:25,712 | INFO | attendance | ✅ New unknown created: id=5, code=UNKNOWN-000005
2026-09-05 01:35:25,713 | INFO | attendance | ✅ Created unknown id=5 for track temp_1_250_150
2026-09-05 01:35:35,971 | INFO | attendance | Saved face for employee 1: E:\face_l\data\images\employees\1\face_1788559535970.jpg
2026-09-05 01:35:36,068 | INFO | attendance | FaceEngine: gallery marked for rebuild
2026-09-05 01:35:36,068 | INFO | attendance | EmployeeService: added face 16 to employee 1
2026-09-05 01:35:36,069 | INFO | attendance | Transferred face from unknown 1 to employee 1
2026-09-05 01:35:36,300 | INFO | attendance | ✅ Unknown 1 assigned to employee 1
2026-09-05 01:35:39,005 | INFO | attendance | Saved face for employee 1: E:\face_l\data\images\employees\1\face_1788559539004.jpg
2026-09-05 01:35:39,146 | INFO | attendance | FaceEngine: gallery marked for rebuild
2026-09-05 01:35:39,146 | INFO | attendance | EmployeeService: added face 17 to employee 1
2026-09-05 01:35:39,146 | INFO | attendance | Transferred face from unknown 3 to employee 1
2026-09-05 01:35:39,213 | INFO | attendance | ✅ Unknown 3 assigned to employee 1
2026-09-05 01:35:42,362 | INFO | attendance | Saved face for employee 1: E:\face_l\data\images\employees\1\face_1788559542362.jpg
2026-09-05 01:35:42,536 | INFO | attendance | FaceEngine: gallery marked for rebuild
2026-09-05 01:35:42,536 | INFO | attendance | EmployeeService: added face 18 to employee 1
2026-09-05 01:35:42,536 | INFO | attendance | Transferred face from unknown 2 to employee 1
2026-09-05 01:35:42,634 | INFO | attendance | ✅ Unknown 2 assigned to employee 1
2026-09-05 01:35:44,957 | INFO | attendance | Saved face for employee 1: E:\face_l\data\images\employees\1\face_1788559544956.jpg
2026-09-05 01:35:45,046 | INFO | attendance | FaceEngine: gallery marked for rebuild
2026-09-05 01:35:45,046 | INFO | attendance | EmployeeService: added face 19 to employee 1
2026-09-05 01:35:45,046 | INFO | attendance | Transferred face from unknown 4 to employee 1
2026-09-05 01:35:45,146 | INFO | attendance | ✅ Unknown 4 assigned to employee 1
2026-09-05 01:35:47,494 | INFO | attendance | Saved face for employee 1: E:\face_l\data\images\employees\1\face_1788559547493.jpg
2026-09-05 01:35:47,591 | INFO | attendance | FaceEngine: gallery marked for rebuild
2026-09-05 01:35:47,592 | INFO | attendance | EmployeeService: added face 20 to employee 1
2026-09-05 01:35:47,592 | INFO | attendance | Transferred face from unknown 5 to employee 1
2026-09-05 01:35:47,657 | INFO | attendance | ✅ Unknown 5 assigned to employee 1
2026-09-05 01:36:58,285 | INFO | attendance | Image saved successfully: E:\face_l\data\images\unknowns\unknown_1.jpg (10007 bytes)
2026-09-05 01:36:58,285 | INFO | attendance | Saved image for unknown 1: images/unknowns/unknown_1.jpg
2026-09-05 01:36:58,358 | INFO | attendance | ✅ New unknown created: id=1, code=UNKNOWN-000001
2026-09-05 01:36:58,359 | INFO | attendance | ✅ Created unknown id=1 for track temp_1_300_100
2026-09-05 01:37:00,085 | INFO | attendance | Image saved successfully: E:\face_l\data\images\unknowns\unknown_2.jpg (8737 bytes)
2026-09-05 01:37:00,085 | INFO | attendance | Saved image for unknown 2: images/unknowns/unknown_2.jpg
2026-09-05 01:37:00,170 | INFO | attendance | ✅ New unknown created: id=2, code=UNKNOWN-000002
2026-09-05 01:37:00,171 | INFO | attendance | ✅ Created unknown id=2 for track temp_1_300_50
2026-09-05 01:37:00,260 | INFO | attendance | ✅ New session created: id=137, type=unknown, unk_id=2, camera=1
2026-09-05 01:37:02,315 | INFO | attendance | ✅ New session created: id=138, type=employee, emp_id=1, camera=1
2026-09-05 01:37:12,298 | INFO | attendance | Saved face for employee 1: E:\face_l\data\images\employees\1\face_1788559632297.jpg
2026-09-05 01:37:12,381 | INFO | attendance | FaceEngine: gallery marked for rebuild
2026-09-05 01:37:12,382 | INFO | attendance | EmployeeService: added face 21 to employee 1
2026-09-05 01:37:12,382 | INFO | attendance | Transferred face from unknown 2 to employee 1
2026-09-05 01:37:12,459 | INFO | attendance | ✅ Unknown 2 assigned to employee 1
2026-09-05 01:37:15,294 | INFO | attendance | Saved face for employee 1: E:\face_l\data\images\employees\1\face_1788559635292.jpg
2026-09-05 01:37:15,360 | INFO | attendance | FaceEngine: gallery marked for rebuild
2026-09-05 01:37:15,361 | INFO | attendance | EmployeeService: added face 22 to employee 1
2026-09-05 01:37:15,361 | INFO | attendance | Transferred face from unknown 1 to employee 1
2026-09-05 01:37:15,602 | INFO | attendance | ✅ Unknown 1 assigned to employee 1
2026-09-05 01:37:32,849 | INFO | attendance | Session closed: id=132, type=employee, duration=193s
2026-09-05 01:38:10,594 | INFO | attendance | Session closed: id=135, type=employee, duration=216s
2026-09-05 01:38:32,539 | INFO | attendance | Image saved successfully: E:\face_l\data\images\unknowns\unknown_1.jpg (14818 bytes)
2026-09-05 01:38:32,539 | INFO | attendance | Saved image for unknown 1: images/unknowns/unknown_1.jpg
2026-09-05 01:38:32,606 | INFO | attendance | ✅ New unknown created: id=1, code=UNKNOWN-000001
2026-09-05 01:38:32,606 | INFO | attendance | ✅ Created unknown id=1 for track temp_1_250_150
2026-09-05 01:38:32,930 | INFO | attendance | Image saved successfully: E:\face_l\data\images\unknowns\unknown_2.jpg (12589 bytes)
2026-09-05 01:38:32,930 | INFO | attendance | Saved image for unknown 2: images/unknowns/unknown_2.jpg
2026-09-05 01:38:33,006 | INFO | attendance | ✅ New unknown created: id=2, code=UNKNOWN-000002
2026-09-05 01:38:33,006 | INFO | attendance | ✅ Created unknown id=2 for track temp_1_300_150
2026-09-05 01:38:33,094 | INFO | attendance | ✅ New session created: id=139, type=unknown, unk_id=2, camera=1
2026-09-05 01:38:36,163 | INFO | attendance | Image saved successfully: E:\face_l\data\images\unknowns\unknown_3.jpg (9730 bytes)
2026-09-05 01:38:36,174 | INFO | attendance | Saved image for unknown 3: images/unknowns/unknown_3.jpg
2026-09-05 01:38:36,249 | INFO | attendance | ✅ New unknown created: id=3, code=UNKNOWN-000003
2026-09-05 01:38:36,249 | INFO | attendance | ✅ Created unknown id=3 for track temp_1_300_150
2026-09-05 01:38:37,939 | INFO | attendance | Image saved successfully: E:\face_l\data\images\unknowns\unknown_4.jpg (10834 bytes)
2026-09-05 01:38:37,940 | INFO | attendance | Saved image for unknown 4: images/unknowns/unknown_4.jpg
2026-09-05 01:38:38,028 | INFO | attendance | ✅ New unknown created: id=4, code=UNKNOWN-000004
2026-09-05 01:38:38,028 | INFO | attendance | ✅ Created unknown id=4 for track temp_1_350_150
2026-09-05 01:38:38,095 | INFO | attendance | ✅ New session created: id=140, type=unknown, unk_id=4, camera=1
2026-09-05 01:38:45,555 | INFO | attendance | Session 139 upgraded to employee 1
2026-09-05 01:39:27,487 | INFO | attendance | Shutdown: stopping all cameras...
2026-09-05 01:39:27,959 | INFO | attendance | Camera '1': disconnected
2026-09-05 01:39:27,960 | INFO | attendance | CameraService: stopped all cameras
2026-09-05 01:39:27,960 | INFO | attendance | Camera '1': disconnected
2026-09-05 01:39:27,961 | INFO | attendance | Shutdown: closing active sessions...
2026-09-05 01:39:27,962 | INFO | attendance | Camera loop stopped for '1'
2026-09-05 01:39:28,066 | INFO | attendance | Closed 11 active sessions on shutdown
2026-09-05 01:39:28,067 | INFO | attendance | Shutdown complete. Closed 11 sessions.
2026-09-05 01:41:41,823 | INFO | attendance | FaceDetector initialized with ONNX Runtime (UltraFace) (model: ultraface-RFB-320.onnx, input: 320x240)
2026-09-05 01:41:41,823 | WARNING | attendance | FaceEngine: cv2.face not available, falling back to simple distance mode
2026-09-05 01:41:41,824 | INFO | attendance | UnknownService initialized, images dir: E:\face_l\data\images\unknowns
2026-09-05 01:41:41,824 | INFO | attendance | AttendanceService initialized. Unknown service: ✅ available
2026-09-05 01:41:41,824 | INFO | attendance | CameraService: processor service attached
2026-09-05 01:41:41,825 | INFO | attendance | Application started successfully.
2026-09-05 01:41:41,826 | INFO | attendance | Face engine mode: simple
2026-09-05 01:41:41,826 | INFO | attendance | Face detector: ultraface
2026-09-05 01:41:41,861 | INFO | attendance | Startup: starting active cameras...
2026-09-05 01:41:41,864 | INFO | attendance | Camera loop started for '1' (area_id=1)
2026-09-05 01:41:41,963 | INFO | attendance | CameraService: started 1 cameras
2026-09-05 01:41:41,963 | INFO | attendance | Startup: building face gallery...
2026-09-05 01:41:41,963 | INFO | attendance | EmployeeService: rebuilding face gallery...
2026-09-05 01:41:42,013 | INFO | attendance | FaceGallery: loaded 1 employees with faces
2026-09-05 01:41:42,014 | INFO | attendance | EmployeeService: gallery rebuild complete
2026-09-05 01:41:42,014 | INFO | attendance | Startup: ready!
2026-09-05 01:41:42,065 | INFO | attendance | Camera '1' (id=1): connecting to 0
2026-09-05 01:41:42,664 | INFO | attendance | Camera '1': connected successfully
2026-09-05 01:41:46,609 | INFO | attendance | ✅ New session created: id=141, type=employee, emp_id=1, camera=1
2026-09-05 01:41:49,999 | INFO | attendance | ✅ New session created: id=142, type=employee, emp_id=1, camera=1
2026-09-05 01:41:54,147 | INFO | attendance | Saved face for employee 1: E:\face_l\data\images\employees\1\face_1788559914146.jpg
2026-09-05 01:41:54,376 | INFO | attendance | FaceEngine: gallery marked for rebuild
2026-09-05 01:41:54,377 | INFO | attendance | EmployeeService: added face 23 to employee 1
2026-09-05 01:41:54,377 | INFO | attendance | Transferred face from unknown 4 to employee 1
2026-09-05 01:41:54,465 | INFO | attendance | ✅ Unknown 4 assigned to employee 1
2026-09-05 01:41:57,036 | INFO | attendance | Saved face for employee 1: E:\face_l\data\images\employees\1\face_1788559917034.jpg
2026-09-05 01:41:57,121 | INFO | attendance | FaceEngine: gallery marked for rebuild
2026-09-05 01:41:57,121 | INFO | attendance | EmployeeService: added face 24 to employee 1
2026-09-05 01:41:57,122 | INFO | attendance | Transferred face from unknown 3 to employee 1
2026-09-05 01:41:57,209 | INFO | attendance | ✅ Unknown 3 assigned to employee 1
2026-09-05 01:41:59,659 | INFO | attendance | Saved face for employee 1: E:\face_l\data\images\employees\1\face_1788559919658.jpg
2026-09-05 01:41:59,775 | INFO | attendance | FaceEngine: gallery marked for rebuild
2026-09-05 01:41:59,776 | INFO | attendance | EmployeeService: added face 25 to employee 1
2026-09-05 01:41:59,776 | INFO | attendance | Transferred face from unknown 2 to employee 1
2026-09-05 01:41:59,842 | INFO | attendance | ✅ Unknown 2 assigned to employee 1
2026-09-05 01:42:02,084 | INFO | attendance | Saved face for employee 1: E:\face_l\data\images\employees\1\face_1788559922083.jpg
2026-09-05 01:42:02,243 | INFO | attendance | FaceEngine: gallery marked for rebuild
2026-09-05 01:42:02,243 | INFO | attendance | EmployeeService: added face 26 to employee 1
2026-09-05 01:42:02,243 | INFO | attendance | Transferred face from unknown 1 to employee 1
2026-09-05 01:42:02,309 | INFO | attendance | ✅ Unknown 1 assigned to employee 1
2026-09-05 01:42:07,010 | INFO | attendance | ✅ New session created: id=143, type=employee, emp_id=1, camera=1
2026-09-05 01:42:07,599 | INFO | attendance | ✅ New session created: id=144, type=employee, emp_id=1, camera=1
2026-09-05 01:42:12,766 | INFO | attendance | ✅ New session created: id=145, type=employee, emp_id=1, camera=1
2026-09-05 01:42:17,321 | INFO | attendance | ✅ New session created: id=146, type=employee, emp_id=1, camera=1
2026-09-05 01:42:20,032 | INFO | attendance | ✅ New session created: id=147, type=employee, emp_id=1, camera=1
2026-09-05 01:42:22,793 | INFO | attendance | ✅ New session created: id=148, type=employee, emp_id=1, camera=1
2026-09-05 01:42:28,311 | INFO | attendance | ✅ New session created: id=149, type=employee, emp_id=1, camera=1
2026-09-05 01:42:28,855 | INFO | attendance | ✅ New session created: id=150, type=employee, emp_id=1, camera=1
2026-09-05 01:42:30,453 | INFO | attendance | Image saved successfully: E:\face_l\data\images\unknowns\unknown_1.jpg (10063 bytes)
2026-09-05 01:42:30,454 | INFO | attendance | Saved image for unknown 1: images/unknowns/unknown_1.jpg
2026-09-05 01:42:30,534 | INFO | attendance | ✅ New unknown created: id=1, code=UNKNOWN-000001
2026-09-05 01:42:30,535 | INFO | attendance | ✅ Created unknown id=1 for track temp_1_250_100
2026-09-05 01:42:49,533 | INFO | attendance | ✅ New session created: id=151, type=employee, emp_id=1, camera=1
2026-09-05 01:42:58,483 | INFO | attendance | Saved face for employee 1: E:\face_l\data\images\employees\1\face_1788559978482.jpg
2026-09-05 01:42:58,579 | INFO | attendance | FaceEngine: gallery marked for rebuild
2026-09-05 01:42:58,579 | INFO | attendance | EmployeeService: added face 27 to employee 1
2026-09-05 01:42:58,580 | INFO | attendance | Transferred face from unknown 1 to employee 1
2026-09-05 01:42:58,666 | INFO | attendance | ✅ Unknown 1 assigned to employee 1
2026-09-05 01:43:43,326 | INFO | attendance | Shutdown: stopping all cameras...
2026-09-05 01:43:43,796 | INFO | attendance | Camera '1': disconnected
2026-09-05 01:43:43,797 | INFO | attendance | CameraService: stopped all cameras
2026-09-05 01:43:43,797 | INFO | attendance | Camera '1': disconnected
2026-09-05 01:43:43,797 | INFO | attendance | Shutdown: closing active sessions...
2026-09-05 01:43:43,797 | INFO | attendance | Camera loop stopped for '1'
2026-09-05 01:43:44,079 | INFO | attendance | Closed 11 active sessions on shutdown
2026-09-05 01:43:44,079 | INFO | attendance | Shutdown complete. Closed 11 sessions.
